// Jest Snapshot v1, https://goo.gl/fbAQLP

exports[`<Home /> should match snapshot 1`] = `
<RCTSafeAreaView
  emulateUnlessSupported={true}
  style={
    Object {
      "alignItems": "center",
      "backgroundColor": "#3898EC",
      "display": "flex",
      "flex": 1,
      "justifyContent": "center",
    }
  }
>
  <View
    style={
      Object {
        "alignSelf": "center",
        "borderColor": "#3898EC",
        "borderRadius": 10,
        "borderWidth": 2,
        "display": "flex",
        "height": 400,
        "margin": 10,
        "width": 400,
      }
    }
  >
    <Image
      source={
        Object {
          "canInstrument": true,
          "createTransformer": [Function],
          "getCacheKey": [Function],
          "process": [Function],
        }
      }
      style={
        Object {
          "alignSelf": "center",
          "height": "100%",
          "opacity": 1,
          "width": "100%",
        }
      }
    />
  </View>
  <Text
    style={
      Object {
        "color": "#fff",
        "fontSize": 18,
        "fontWeight": "500",
        "textAlign": "center",
      }
    }
  >
    Scout Top NFL Colleges by Teams
  </Text>
  <View
    style={
      Object {
        "alignItems": "center",
        "backgroundColor": "#3898EC",
        "borderRadius": 10,
        "height": 60,
        "justifyContent": "center",
        "margin": 15,
        "width": 120,
      }
    }
  >
    <RNGestureHandlerButton
      collapsable={false}
      onGestureEvent={[Function]}
      onGestureHandlerEvent={[Function]}
      onGestureHandlerStateChange={[Function]}
      onHandlerStateChange={[Function]}
      rippleColor={0}
    >
      <View
        accessible={true}
        style={
          Object {
            "alignItems": "center",
            "backgroundColor": "#595faa",
            "borderRadius": 10,
            "height": 60,
            "justifyContent": "center",
            "margin": 15,
            "opacity": 1,
            "width": 130,
          }
        }
      >
        <Text
          style={
            Object {
              "color": "#fff",
              "fontSize": 18,
              "fontWeight": "500",
              "textAlign": "center",
            }
          }
        >
          Select Teams &gt;&gt;
        </Text>
      </View>
    </RNGestureHandlerButton>
  </View>
</RCTSafeAreaView>
`;
