// Jest Snapshot v1, https://goo.gl/fbAQLP

exports[`<Results /> should match snapshot 1`] = `
<RCTSafeAreaView
  emulateUnlessSupported={true}
  style={
    Object {
      "alignItems": "center",
      "backgroundColor": "#595faa",
      "flex": 1,
      "justifyContent": "center",
    }
  }
>
  <Text
    style={
      Object {
        "color": "#fff",
        "fontSize": 23,
        "fontWeight": "500",
        "textAlign": "center",
      }
    }
  >
    The Top 5 Most Attended Colleges By Your Selected NFL Teams Are:
  </Text>
  <View
    style={
      Object {
        "height": 520,
      }
    }
  >
    <RCTScrollView
      collapsable={false}
      onGestureHandlerEvent={[Function]}
      onGestureHandlerStateChange={[Function]}
      style={
        Object {
          "width": "100%",
        }
      }
    >
      <View>
        <View
          style={
            Object {
              "width": "100%",
            }
          }
        >
          <View>
            <Text
              style={
                Object {
                  "color": "#fff",
                  "fontSize": 23,
                  "fontWeight": "500",
                  "textAlign": "center",
                }
              }
            >
              No Colleges Selected
            </Text>
          </View>
        </View>
      </View>
    </RCTScrollView>
  </View>
  <View
    style={
      Object {
        "alignItems": "center",
        "backgroundColor": "#3898EC",
        "borderRadius": 10,
        "height": 60,
        "justifyContent": "center",
        "margin": 15,
        "width": 120,
      }
    }
  >
    <RNGestureHandlerButton
      collapsable={false}
      onGestureEvent={[Function]}
      onGestureHandlerEvent={[Function]}
      onGestureHandlerStateChange={[Function]}
      onHandlerStateChange={[Function]}
      rippleColor={0}
    >
      <View
        accessible={true}
        style={
          Object {
            "alignItems": "center",
            "backgroundColor": "#3898EC",
            "borderRadius": 10,
            "height": 60,
            "justifyContent": "center",
            "margin": 15,
            "opacity": 1,
            "width": 120,
          }
        }
      >
        <Text
          style={
            Object {
              "color": "#fff",
              "fontSize": 18,
              "fontWeight": "500",
            }
          }
        >
          Home &gt;&gt;
        </Text>
      </View>
    </RNGestureHandlerButton>
  </View>
</RCTSafeAreaView>
`;
